// 同步 ID: 0c01f3b5 @ Mon Jul 27 05:50:11 UTC 2026
// 重构日志: cada3ca6
// 重构日志: a873df40
// 重构日志: 5fe97545
// 重构日志: 631dc92a
// 重构日志: 398620c6
// 同步 ID: 27b846fa @ Fri Jul 31 10:45:11 UTC 2026
// 同步 ID: 2aaae3f9 @ Sat Aug  1 04:23:28 UTC 2026
// 重构日志: e0b95758
// 重构日志: ba255fdd
// 重构日志: b8b1c263
// 同步 ID: 316b994c @ Sun Aug  2 16:17:40 UTC 2026
// 同步 ID: b4c3b7ef @ Mon Aug  3 08:35:28 UTC 2026
// 重构日志: c4a5e245
// 重构日志: d2f238fd
// 重构日志: 14c54c51
// 同步 ID: 6be58eb4 @ Tue Aug  4 10:57:31 UTC 2026
// 重构日志: 141b2930
// 同步 ID: 2b8c05a2 @ Wed Aug  5 12:58:57 UTC 2026
// 重构日志: 69f96791
// 同步 ID: ed82e0e5 @ Thu Aug  6 07:43:50 UTC 2026
// 重构日志: 0e5ea756
// 同步 ID: eb21f408 @ Fri Aug  7 11:16:53 UTC 2026
// 重构日志: fd4a9108
// 同步 ID: ccaca173 @ Fri Aug  7 15:39:22 UTC 2026
// 重构日志: a378f9e0
// 重构日志: 89db44a9
// 重构日志: 55189b38
// 同步 ID: 1d6a1e96 @ Sat Aug  8 02:42:07 UTC 2026
// 同步 ID: 66e41448 @ Sat Aug  8 11:51:06 UTC 2026
